node.exe : node:fs:440
At line:2 char:260
+ ... ents\个人网站"; & $node "node_modules\vite\dist\node\cli.js" --host 2>&1  ...
+                 ~~~~~~~~~~~~~~~~~~~~~~~~~~~~~~~~~~~~~~~~~~~~~~~~~~~~~~~~
    + CategoryInfo          : NotSpecified: (node:fs:440:String) [], RemoteException
    + FullyQualifiedErrorId : NativeCommandError
 
    return binding.readFileUtf8(path, stringToFlags(options.flag));
                   ^

Error: EPERM: operation not permitted, open 'C:\Users\ZhuanZ\Documents\个人网站\node_modules\.pnpm\vite@6.4.3\node_modules\
vite\dist\node\cli.js'
    at Object.readFileSync (node:fs:440:20)
    at defaultLoadImpl (node:internal/modules/cjs/loader:1148:17)
    at loadSource (node:internal/modules/cjs/loader:1838:20)
    at Object..js (node:internal/modules/cjs/loader:1936:44)
    at Module.load (node:internal/modules/cjs/loader:1533:32)
    at Module._load (node:internal/modules/cjs/loader:1335:12)
    at wrapModuleLoad (node:internal/modules/cjs/loader:255:19)
    at Module.executeUserEntryPoint [as runMain] (node:internal/modules/run_main:154:5)
    at node:internal/main/run_main_module:33:47 {
  errno: -4048,
  code: 'EPERM',
  syscall: 'open',
  path: 'C:\\Users\\ZhuanZ\\Documents\\个人网站\\node_modules\\.pnpm\\vite@6.4.3\\node_modules\\vite\\dist\\node\\cli.js'
}

Node.js v24.14.0
